Vivado Simulator v2023.2
Copyright 1986-2022 Xilinx, Inc. All Rights Reserved.
Copyright 2022-2023 Advanced Micro Devices, Inc. All Rights Reserved.
Running: C:/Xilinx/Vivado/2023.2/bin/unwrapped/win64.o/xelab.exe --incr --debug typical --relax --mt 2 -L xil_defaultlib -L axi_perf_mon_v5_0_31 -L unisims_ver -L unimacro_ver -L secureip -L xpm --snapshot testbench_behav xil_defaultlib.testbench xil_defaultlib.glbl -log elaborate.log 
Using 2 slave threads.
Starting static elaboration
Pass Through NonSizing Optimizer
Completed static elaboration
Starting simulation data flow analysis
Completed simulation data flow analysis
Time Resolution for simulation is 1ps
Compiling package std.standard
Compiling package std.textio
Compiling package ieee.std_logic_1164
Compiling package ieee.numeric_std
Compiling package std.env
Compiling package unisim.vcomponents
Compiling package vl.vl_types
Compiling package xpm.$unit_xpm_cdc_sv_220102727
Compiling module xil_defaultlib.glbl
Compiling module unisims_ver.IBUF
Compiling module unisims_ver.MMCME2_ADV(CLKFBOUT_MULT_F=8.0,C...
Compiling module unisims_ver.BUFG
Compiling module xil_defaultlib.clk_wiz_0_clk_wiz
Compiling module xil_defaultlib.clk_wiz_0
Compiling architecture behavioral of entity xil_defaultlib.system_controller [system_controller_default]
Compiling architecture behavioral of entity xil_defaultlib.axi_traffic_gen [axi_traffic_gen_default]
Compiling module axi_perf_mon_v5_0_31.axi_perf_mon_v5_0_31_dff_async_r...
Compiling module axi_perf_mon_v5_0_31.axi_perf_mon_v5_0_31_cdc_sync(c_...
Compiling module axi_perf_mon_v5_0_31.axi_perf_mon_v5_0_31_axi_interfa...
Compiling module axi_perf_mon_v5_0_31.axi_perf_mon_v5_0_31_counter(C_F...
Compiling module axi_perf_mon_v5_0_31.axi_perf_mon_v5_0_31_cdc_sync(c_...
Compiling module axi_perf_mon_v5_0_31.axi_perf_mon_v5_0_31_cdc_sync(c_...
Compiling module axi_perf_mon_v5_0_31.axi_perf_mon_v5_0_31_register_mo...
Compiling module axi_perf_mon_v5_0_31.axi_perf_mon_v5_0_31_intr_sync(C...
Compiling module axi_perf_mon_v5_0_31.axi_perf_mon_v5_0_31_interrupt_m...
Compiling module axi_perf_mon_v5_0_31.axi_perf_mon_v5_0_31_cdc_sync(c_...
Compiling module axi_perf_mon_v5_0_31.axi_perf_mon_v5_0_31_glbl_clk_cn...
Compiling module xpm.xpm_cdc_single(DEST_SYNC_FF=2,SR...
Compiling module xpm.xpm_cdc_sync_rst(INIT=0,INIT_SYN...
Compiling module xpm.xpm_fifo_rst(COMMON_CLOCK=0,CDC_...
Compiling module xpm.xpm_fifo_reg_bit
Compiling module xpm.xpm_counter_updn(COUNTER_WIDTH=6...
Compiling module xpm.xpm_counter_updn(COUNTER_WIDTH=5...
Compiling module xpm.xpm_counter_updn(COUNTER_WIDTH=5...
Compiling module xpm.xpm_memory_base(MEMORY_TYPE=1,ME...
Compiling module xpm.xpm_cdc_gray(INIT_SYNC_FF=1,WIDT...
Compiling module xpm.xpm_fifo_reg_vec(REG_WIDTH=5)
Compiling module xpm.xpm_cdc_gray(DEST_SYNC_FF=6,INIT...
Compiling module xpm.xpm_fifo_reg_vec(REG_WIDTH=6)
Compiling module xpm.xpm_cdc_gray(INIT_SYNC_FF=1,WIDT...
Compiling module xpm.xpm_counter_updn(COUNTER_WIDTH=2...
Compiling module xpm.xpm_fifo_base(COMMON_CLOCK=0,FIF...
Compiling module xpm.xpm_fifo_async(FIFO_MEMORY_TYPE=...
Compiling module axi_perf_mon_v5_0_31.axi_perf_mon_v5_0_31_async_fifo(...
Compiling module axi_perf_mon_v5_0_31.axi_perf_mon_v5_0_31_mon_fifo(C_...
Compiling module axi_perf_mon_v5_0_31.axi_perf_mon_v5_0_31_cdc_sync(c_...
Compiling module axi_perf_mon_v5_0_31.axi_perf_mon_v5_0_31_sync_fifo(D...
Compiling module axi_perf_mon_v5_0_31.axi_perf_mon_v5_0_31_sync_fifo(W...
Compiling module axi_perf_mon_v5_0_31.axi_perf_mon_v5_0_31_sync_fifo(W...
Compiling module axi_perf_mon_v5_0_31.axi_perf_mon_v5_0_31_counter_ovf
Compiling module axi_perf_mon_v5_0_31.axi_perf_mon_v5_0_31_sync_fifo(W...
Compiling module axi_perf_mon_v5_0_31.axi_perf_mon_v5_0_31_sync_fifo(W...
Compiling module axi_perf_mon_v5_0_31.axi_perf_mon_v5_0_31_metric_calc...
Compiling module xpm.xpm_memory_base(MEMORY_TYPE=1,ME...
Compiling module xpm.xpm_fifo_base(COMMON_CLOCK=0,FIF...
Compiling module xpm.xpm_fifo_async(FIFO_MEMORY_TYPE=...
Compiling module axi_perf_mon_v5_0_31.axi_perf_mon_v5_0_31_async_fifo(...
Compiling module axi_perf_mon_v5_0_31.axi_perf_mon_v5_0_31_mon_fifo(C_...
Compiling module axi_perf_mon_v5_0_31.axi_perf_mon_v5_0_31_ext_calc
Compiling module axi_perf_mon_v5_0_31.axi_perf_mon_v5_0_31_acc_n_incr(...
Compiling module axi_perf_mon_v5_0_31.axi_perf_mon_v5_0_31_metric_sel_...
Compiling module axi_perf_mon_v5_0_31.axi_perf_mon_v5_0_31_metric_coun...
Compiling module axi_perf_mon_v5_0_31.axi_perf_mon_v5_0_31_cdc_sync(c_...
Compiling module axi_perf_mon_v5_0_31.axi_perf_mon_v5_0_31_samp_intl_c...
Compiling module axi_perf_mon_v5_0_31.axi_perf_mon_v5_0_31_samp_metric...
Compiling module axi_perf_mon_v5_0_31.axi_perf_mon_v5_0_31_advanced(C_...
Compiling module axi_perf_mon_v5_0_31.axi_perf_mon_v5_0_31_top(C_FAMIL...
Compiling module xil_defaultlib.axi_perf_mon_0
Compiling package xpm.axi_xil_sb_pkg_xpm_nsu
Compiling package xpm.axi_data_integrity_checker_xpm_n...
Compiling package xpm.xpm_axi_data_integrity_checker_n...
Compiling package xpm.xpm_axi_xil_sb_pkg_nmu
Compiling architecture behavioral of entity xil_defaultlib.top_level [top_level_default]
Compiling architecture behavioral of entity xil_defaultlib.testbench
Built simulation snapshot testbench_behav
